post template error: MicroMason compilation failed: Missing right curly or square bracket at text template
