<!DOCTYPE html PUBLIC "-//W3C//DTD XHTML 1.0 Strict//EN" "http://www.w3.org/TR/xhtml1/DTD/xhtml1-strict.dtd">
<html xmlns="http://www.w3.org/1999/xhtml" xml:lang="en" lang="en">
<head>
<meta http-equiv="Content-Type" content="text/html; charset=utf-8" />
<title>My Bløg</title>
<link rel="stylesheet" type="text/css" href="style-original.css" />
<link rel="alternate" type="application/atom+xml" title="My Bløg feed" href="http://example.com/testblog/index.atom" />
</head>
<body>
<div id="header">
<h1>My Bløg</h1>
<p class="tagline">Mutterings from the &lt;dungeon&gt;</p>
</div>
<div id="body">
<p>This is a post page!</p>
<div id="date">Saturday 1 January 2011</div>
<div id="article">
<h2><a href="http://example.com/testblog/first" rel="bookmark" title="link to this post">Post the first</a></h2>
<div id="timestamp">Sat 01 Jan 2011 12:00:00 +0000</div>
<p>2011-01-01T12:00:00</p>
<p>Lorem ipsum dolor sit amet, consectetur adipisicing elit, sed do eiusmod
tempor incididunt ut labore et dolore magna aliqua. Ut enim ad minim
veniam, quis nostrud exercitation ullamco laboris nisi ut aliquip ex ea
commodo consequat.
Duis aute irure dolor in reprehenderit in voluptate velit esse cillum dolore
eu fugiat nulla pariatur.
Excepteur sint occaecat cupidatat non proident, sunt in culpa qui officia
deserunt mollit anim id est laborum.</p>
<div id="comments">Comments placeholder (post page only)</div>
</div>
</div>
<div id="footer">
Copyright 2011 Jane Author I.
</div>
</body>
</html>
