<!DOCTYPE html PUBLIC "-//W3C//DTD XHTML 1.0 Strict//EN" "http://www.w3.org/TR/xhtml1/DTD/xhtml1-strict.dtd">
<html xmlns="http://www.w3.org/1999/xhtml" xml:lang="en" lang="en">
<head>
<meta http-equiv="Content-Type" content="text/html; charset=utf-8" />
<title>My Bløg</title>
<link rel="stylesheet" type="text/css" href="style-original.css" />
<link rel="alternate" type="application/atom+xml" title="My Bløg feed" href="http://example.com/testblog/index.atom" />
</head>
<body>
<div id="header">
<h1>My Bløg</h1>
<p class="tagline">Mutterings from the &lt;dungeon&gt;</p>
</div>
<div id="body">
<div id="date">Monday 3 January 2011</div>
<div id="article">
<h2><a href="http://example.com/testblog/third" rel="bookmark" title="link to this post">Post the third</a></h2>
<div id="timestamp">Mon 03 Jan 2011 20:20:20 +00:00</div>
<p>At vero eos et accusamus et iusto odio dignissimos ducimus qui
blanditiis praesentium voluptatum deleniti atque corrupti quos dolores
et quas molestias excepturi sint occaecati cupiditate non provident,
similique sunt in culpa qui officia deserunt mollitia animi, id est
laborum et dolorum fuga. Et harum quidem rerum facilis est et expedita
distinctio. Nam libero tempore, cum soluta nobis est eligendi optio
cumque nihil impedit quo minus id quod maxime placeat facere possimus,
omnis voluptas assumenda est, omnis dolor repellendus.</p>

<p>Temporibus autem
quibusdam et aut officiis debitis aut rerum necessitatibus saepe eveniet
ut et voluptates repudiandae sint et molestiae non recusandae. Itaque
earum rerum hic tenetur a sapiente delectus, ut aut reiciendis
voluptatibus maiores alias consequatur aut perferendis doloribus
asperiores repellat.</p>
</div>
</div>
<div id="footer">
Copyright 2011 Jane Author.
</div>
</body>
</html>
