<!DOCTYPE html PUBLIC "-//W3C//DTD XHTML 1.0 Strict//EN" "http://www.w3.org/TR/xhtml1/DTD/xhtml1-strict.dtd">
<html xmlns="http://www.w3.org/1999/xhtml" xml:lang="en" lang="en">
<head>
<meta http-equiv="Content-Type" content="text/html; charset=utf-8" />
<title>My Bløg</title>
<link rel="stylesheet" type="text/css" href="style-original.css" />
<link rel="alternate" type="application/atom+xml" title="My Bløg feed" href="/index.atom" />
</head>
<body>
<div id="header">
<h1>My Bløg</h1>
<p class="tagline"></p>
</div>
<div id="body">
<div id="article">
<h2><a href="/sub2/fifth" rel="bookmark" title="link to this post">Post the fifth</a></h2>
<div id="timestamp">2011-01-05</div>
<p>Nam justo augue, dictum a, hendrerit in, ultricies in, leo. Nullam
eleifend. Duis tempor ipsum vitae diam. Curabitur felis dui, bibendum
vitae, luctus quis, volutpat sed, orci. Cras vulputate ullamcorper ante.
Sed congue libero in orci. Vivamus a odio ac sapien dignissim posuere.
Sed mollis ipsum id libero. Quisque vitae justo. Nulla vitae mauris.
Phasellus convallis ligula in nulla. Morbi aliquet, velit ac semper
iaculis, mi odio dignissim diam, id dapibus eros metus id nisi. Nulla
vitae sapien. Nulla ligula. Cum sociis natoque penatibus et magnis dis
parturient montes, nascetur ridiculus mus. Curabitur non nisl id ante
egestas dapibus. Sed mollis ornare ipsum. In id enim dignissim erat
viverra vulputate.</p>
</div>
</div>
<div id="footer">
Copyright 2011 Jane Author.
</div>
</body>
</html>
