<!DOCTYPE html PUBLIC "-//W3C//DTD XHTML 1.0 Strict//EN" "http://www.w3.org/TR/xhtml1/DTD/xhtml1-strict.dtd">
<html xmlns="http://www.w3.org/1999/xhtml" xml:lang="en" lang="en">
<head>
<meta http-equiv="Content-Type" content="text/html; charset=utf-8" />
<title>My Bløg</title>
<link rel="stylesheet" type="text/css" href="style-original.css" />
<link rel="alternate" type="application/atom+xml" title="My Bløg feed" href="http://example.com/testblog/index.atom" />
</head>
<body>
<div id="header">
<h1>My Bløg</h1>
<p class="tagline">Mutterings from the &lt;dungeon&gt;</p>
</div>
<div id="body">
<div id="article">
<h2><a href="http://example.com/testblog/sub2/fifth" rel="bookmark" title="link to this post">Post the fifth</a></h2>
<div id="timestamp">2011-01-05</div>
<p>Nam justo augue, dictum a, hendrerit in, ultricies in, leo. Nullam
eleifend. Duis tempor ipsum vitae diam. Curabitur felis dui, bibendum
vitae, luctus quis, volutpat sed, orci. Cras vulputate ullamcorper ante.
Sed congue libero in orci. Vivamus a odio ac sapien dignissim posuere.
Sed mollis ipsum id libero. Quisque vitae justo. Nulla vitae mauris.
Phasellus convallis ligula in nulla. Morbi aliquet, velit ac semper
iaculis, mi odio dignissim diam, id dapibus eros metus id nisi. Nulla
vitae sapien. Nulla ligula. Cum sociis natoque penatibus et magnis dis
parturient montes, nascetur ridiculus mus. Curabitur non nisl id ante
egestas dapibus. Sed mollis ornare ipsum. In id enim dignissim erat
viverra vulputate.</p>
</div>
<div id="article">
<h2><a href="http://example.com/testblog/fourth" rel="bookmark" title="link to this post">Post the fourth</a></h2>
<div id="timestamp">2011-01-04</div>
<p>Morbi volutpat leo in ligula. Integer vel magna. Quisque ut magna et
nisi bibendum sagittis. Fusce elit ligula, sodales sit amet, tincidunt
in, ullamcorper condimentum, lectus. Aliquam ut massa. Suspendisse
dolor. Cras quam augue, consectetuer id, auctor ut, tincidunt a, velit.
Quisque euismod tortor sed nulla. Nunc dapibus, nisi et iaculis feugiat,
leo ipsum venenatis enim, a nonummy magna ante vitae diam. Proin sapien.
Duis eleifend. Praesent tempor velit molestie neque. Lorem ipsum dolor
sit amet, consectetuer adipiscing elit. Sed mollis justo eget augue.
Donec tempus, urna a congue ultrices, lacus magna convallis nulla, non
ultrices metus justo et purus. In leo lorem, dapibus at, volutpat sed,
posuere a, justo. Donec varius, erat in placerat pharetra, lorem est
gravida erat, nec accumsan turpis erat sed velit. Duis malesuada, lacus
sit amet dictum lobortis, arcu velit sodales lectus, ac mattis ipsum
lacus in magna. Curabitur sed ante ac enim consequat porttitor.
Suspendisse bibendum turpis a magna.</p>

<p>Fusce interdum. Maecenas eu elit sed nulla dignissim interdum. Sed
laoreet. Aenean pede. Phasellus porta. Ut dictum nonummy diam. Sed a
leo. Cras ullamcorper nibh. Sed laoreet. Praesent vehicula suscipit
ligula. Morbi ullamcorper.</p>
</div>
<div id="article">
<h2><a href="http://example.com/testblog/third" rel="bookmark" title="link to this post">Post the third</a></h2>
<div id="timestamp">2011-01-03</div>
<p>At vero eos et accusamus et iusto odio dignissimos ducimus qui
blanditiis praesentium voluptatum deleniti atque corrupti quos dolores
et quas molestias excepturi sint occaecati cupiditate non provident,
similique sunt in culpa qui officia deserunt mollitia animi, id est
laborum et dolorum fuga. Et harum quidem rerum facilis est et expedita
distinctio. Nam libero tempore, cum soluta nobis est eligendi optio
cumque nihil impedit quo minus id quod maxime placeat facere possimus,
omnis voluptas assumenda est, omnis dolor repellendus.</p>

<p>Temporibus autem
quibusdam et aut officiis debitis aut rerum necessitatibus saepe eveniet
ut et voluptates repudiandae sint et molestiae non recusandae. Itaque
earum rerum hic tenetur a sapiente delectus, ut aut reiciendis
voluptatibus maiores alias consequatur aut perferendis doloribus
asperiores repellat.</p>
</div>
<div id="article">
<h2><a href="http://example.com/testblog/sub1/second" rel="bookmark" title="link to this post">Post the second</a></h2>
<div id="timestamp">2011-01-02</div>
<p>Sed ut perspiciatis unde omnis iste natus error sit voluptatem
accusantium doloremque laudantium, totam rem aperiam, eaque ipsa quae ab
illo inventore veritatis et quasi architecto beatae vitae dicta sunt
explicabo. Nemo enim ipsam voluptatem quia voluptas sit aspernatur aut
odit aut fugit, sed quia consequuntur magni dolores eos qui ratione
voluptatem sequi nesciunt.</p>

<p>Neque porro quisquam est, qui dolorem ipsum
quia dolor sit amet, consectetur, adipisci velit, sed quia non numquam
eius modi tempora incidunt ut labore et dolore magnam aliquam quaerat
voluptatem. Ut enim ad minima veniam, quis nostrum exercitationem ullam
corporis suscipit laboriosam, nisi ut aliquid ex ea commodi consequatur?
Quis autem vel eum iure reprehenderit qui in ea voluptate velit esse
quam nihil molestiae consequatur, vel illum qui dolorem eum fugiat quo
voluptas nulla pariatur?</p>
</div>
<div id="article">
<h2><a href="http://example.com/testblog/first" rel="bookmark" title="link to this post">Post the first</a></h2>
<div id="timestamp">2011-01-01</div>
<p>Lorem ipsum dolor sit amet, consectetur adipisicing elit, sed do eiusmod
tempor incididunt ut labore et dolore magna aliqua. Ut enim ad minim
veniam, quis nostrud exercitation ullamco laboris nisi ut aliquip ex ea
commodo consequat. Duis aute irure dolor in reprehenderit in voluptate
velit esse cillum dolore eu fugiat nulla pariatur. Excepteur sint
occaecat cupidatat non proident, sunt in culpa qui officia deserunt
mollit anim id est laborum.</p>
</div>
</div>
<div id="footer">
Copyright 2011 Jane Author.
</div>
</body>
</html>
